RAW_STAGE_ABLATION_DONE exact_xz temporal sequential 770
RAW_STAGE_ABLATION_DONE exact_xz temporal least_squares_dct 770
RAW_STAGE_ABLATION_DONE exact_xz temporal tie_dct 770
RAW_STAGE_ABLATION_DONE exact_xz temporal_depth sequential 653
RAW_STAGE_ABLATION_DONE exact_xz temporal_depth least_squares_dct 770
RAW_STAGE_ABLATION_DONE exact_xz temporal_depth tie_dct 770
MODAL_STAGE_ABLATION_DONE exact_xz sequential 770
MODAL_STAGE_ABLATION_DONE exact_xz least_squares_dct 770
MODAL_STAGE_ABLATION_DONE exact_xz tie_dct 770
FIXED_BUDGET_ABLATION_DONE exact_xz temporal 4 770
FIXED_BUDGET_ABLATION_DONE exact_xz temporal 8 770
FIXED_BUDGET_ABLATION_DONE exact_xz temporal 12 770
FIXED_BUDGET_ABLATION_DONE exact_xz temporal_depth 4 770
FIXED_BUDGET_ABLATION_DONE exact_xz temporal_depth 8 770
FIXED_BUDGET_ABLATION_DONE exact_xz temporal_depth 12 770
RAW_STAGE_ABLATION_DONE true_fdtd_xz temporal sequential 770
RAW_STAGE_ABLATION_DONE true_fdtd_xz temporal least_squares_dct 770
RAW_STAGE_ABLATION_DONE true_fdtd_xz temporal tie_dct 770
RAW_STAGE_ABLATION_DONE true_fdtd_xz temporal_depth sequential 650
RAW_STAGE_ABLATION_DONE true_fdtd_xz temporal_depth least_squares_dct 770
RAW_STAGE_ABLATION_DONE true_fdtd_xz temporal_depth tie_dct 770
MODAL_STAGE_ABLATION_DONE true_fdtd_xz sequential 770
MODAL_STAGE_ABLATION_DONE true_fdtd_xz least_squares_dct 770
MODAL_STAGE_ABLATION_DONE true_fdtd_xz tie_dct 770
FIXED_BUDGET_ABLATION_DONE true_fdtd_xz temporal 4 770
FIXED_BUDGET_ABLATION_DONE true_fdtd_xz temporal 8 770
FIXED_BUDGET_ABLATION_DONE true_fdtd_xz temporal 12 770
FIXED_BUDGET_ABLATION_DONE true_fdtd_xz temporal_depth 4 770
FIXED_BUDGET_ABLATION_DONE true_fdtd_xz temporal_depth 8 770
FIXED_BUDGET_ABLATION_DONE true_fdtd_xz temporal_depth 12 770
RAW_STAGE_ABLATION_DONE experimental_luis3 temporal sequential 0
RAW_STAGE_ABLATION_DONE experimental_luis3 temporal least_squares_dct 0
RAW_STAGE_ABLATION_DONE experimental_luis3 temporal tie_dct 0
RAW_STAGE_ABLATION_DONE experimental_luis3 temporal_depth sequential 0
RAW_STAGE_ABLATION_DONE experimental_luis3 temporal_depth least_squares_dct 27
RAW_STAGE_ABLATION_DONE experimental_luis3 temporal_depth tie_dct 22
MODAL_STAGE_ABLATION_DONE experimental_luis3 sequential 0
MODAL_STAGE_ABLATION_DONE experimental_luis3 least_squares_dct 0
MODAL_STAGE_ABLATION_DONE experimental_luis3 tie_dct 0
FIXED_BUDGET_ABLATION_DONE experimental_luis3 temporal 4 0
FIXED_BUDGET_ABLATION_DONE experimental_luis3 temporal 8 0
FIXED_BUDGET_ABLATION_DONE experimental_luis3 temporal 12 0
FIXED_BUDGET_ABLATION_DONE experimental_luis3 temporal_depth 4 9
FIXED_BUDGET_ABLATION_DONE experimental_luis3 temporal_depth 8 22
FIXED_BUDGET_ABLATION_DONE experimental_luis3 temporal_depth 12 8
UNWRAP_STAGE_ABLATIONS_FINISHED
